{
  "lang": "cpp",
  "library": "libfranka 0.20.4",
  "variant": "active",
  "condition": "rt_load",
  "rep": 1,
  "host": "127.0.0.1",
  "duration_s": 30.0,
  "limit_rate": null,
  "cycles": 30001,
  "wall_s": 30.720099,
  "sched": {
    "policy": "FIFO",
    "priority": 99
  },
  "sched_at_start": {
    "policy": "FIFO",
    "priority": 80
  },
  "mlockall": {
    "requested": true,
    "ok": true,
    "error": null,
    "rlimit_memlock": "unlimited"
  },
  "interval_us": {
    "n": 30000,
    "min": 382.384,
    "p50": 999.93,
    "p99": 1418.778,
    "p999": 4094.498,
    "max": 4934.009,
    "mean": 1023.892,
    "max_at_cycle": 13660
  },
  "latency_us": {
    "n": 30001,
    "min": 6.743,
    "p50": 20.193,
    "p99": 31.344,
    "p999": 99.215,
    "max": 1252.82,
    "mean": 19.523,
    "max_at_cycle": 30000
  },
  "lost": {
    "cycles": 0,
    "states": 0,
    "max_consecutive": 0
  },
  "success_rate": {
    "min": 1.0,
    "avg": 1.0,
    "max": 1.0,
    "final": 1.0,
    "n": 30000
  },
  "cpu": {
    "user_s": 0.164613,
    "sys_s": 0.796781,
    "total_s": 0.961394,
    "percent": 3.129528,
    "minor_faults": 0,
    "major_faults": 0,
    "vol_ctx_switches": 30005,
    "invol_ctx_switches": 0
  }
}
