{
  "lang": "cpp",
  "library": "libfranka 0.20.4",
  "variant": "active",
  "condition": "rt_load",
  "rep": 2,
  "host": "127.0.0.1",
  "duration_s": 30.0,
  "limit_rate": null,
  "cycles": 30001,
  "wall_s": 30.826214,
  "sched": {
    "policy": "FIFO",
    "priority": 99
  },
  "sched_at_start": {
    "policy": "FIFO",
    "priority": 80
  },
  "mlockall": {
    "requested": true,
    "ok": true,
    "error": null,
    "rlimit_memlock": "unlimited"
  },
  "interval_us": {
    "n": 30000,
    "min": 869.482,
    "p50": 1000.059,
    "p99": 1710.488,
    "p999": 4147.667,
    "max": 30105.267,
    "mean": 1027.448,
    "max_at_cycle": 16318
  },
  "latency_us": {
    "n": 30001,
    "min": 8.568,
    "p50": 14.423,
    "p99": 26.388,
    "p999": 92.741,
    "max": 404.523,
    "mean": 15.834,
    "max_at_cycle": 30000
  },
  "lost": {
    "cycles": 0,
    "states": 0,
    "max_consecutive": 0
  },
  "success_rate": {
    "min": 1.0,
    "avg": 1.0,
    "max": 1.0,
    "final": 1.0,
    "n": 30000
  },
  "cpu": {
    "user_s": 0.167527,
    "sys_s": 0.642492,
    "total_s": 0.810019,
    "percent": 2.627695,
    "minor_faults": 0,
    "major_faults": 0,
    "vol_ctx_switches": 30006,
    "invol_ctx_switches": 1
  }
}
