{
  "lang": "cpp",
  "library": "libfranka 0.20.4",
  "variant": "control",
  "condition": "rt",
  "rep": 2,
  "host": "127.0.0.1",
  "duration_s": 30.0,
  "limit_rate": true,
  "cycles": 30000,
  "wall_s": 30.112771,
  "sched": {
    "policy": "FIFO",
    "priority": 99
  },
  "sched_at_start": {
    "policy": "FIFO",
    "priority": 80
  },
  "mlockall": {
    "requested": true,
    "ok": true,
    "error": null,
    "rlimit_memlock": "unlimited"
  },
  "interval_us": {
    "n": 29999,
    "min": 27.371,
    "p50": 1000.081,
    "p99": 1116.614,
    "p999": 1505.305,
    "max": 4113.444,
    "mean": 1003.695,
    "max_at_cycle": 22369
  },
  "latency_us": null,
  "lost": {
    "cycles": 1,
    "states": 1,
    "max_consecutive": 1
  },
  "success_rate": {
    "min": 0.98,
    "avg": 0.999934,
    "max": 1.0,
    "final": 1.0,
    "n": 29999
  },
  "cpu": {
    "user_s": 0.234142,
    "sys_s": 0.643521,
    "total_s": 0.877663,
    "percent": 2.914587,
    "minor_faults": 0,
    "major_faults": 0,
    "vol_ctx_switches": 30004,
    "invol_ctx_switches": 0
  }
}
