{
  "lang": "cpp",
  "library": "libfranka 0.20.4",
  "variant": "control",
  "condition": "rt",
  "rep": 1,
  "host": "127.0.0.1",
  "duration_s": 30.0,
  "limit_rate": true,
  "cycles": 30000,
  "wall_s": 30.051332,
  "sched": {
    "policy": "FIFO",
    "priority": 99
  },
  "sched_at_start": {
    "policy": "FIFO",
    "priority": 80
  },
  "mlockall": {
    "requested": true,
    "ok": true,
    "error": null,
    "rlimit_memlock": "unlimited"
  },
  "interval_us": {
    "n": 29999,
    "min": 13.113,
    "p50": 999.761,
    "p99": 1111.218,
    "p999": 1271.656,
    "max": 3893.974,
    "mean": 1001.648,
    "max_at_cycle": 2352
  },
  "latency_us": null,
  "lost": {
    "cycles": 1,
    "states": 1,
    "max_consecutive": 1
  },
  "success_rate": {
    "min": 0.97,
    "avg": 0.999867,
    "max": 1.0,
    "final": 1.0,
    "n": 29999
  },
  "cpu": {
    "user_s": 0.220597,
    "sys_s": 0.594129,
    "total_s": 0.814726,
    "percent": 2.711114,
    "minor_faults": 0,
    "major_faults": 0,
    "vol_ctx_switches": 30003,
    "invol_ctx_switches": 0
  }
}
