{
  "lang": "rust",
  "library": "franka-rs 0.1.0",
  "variant": "control",
  "condition": "rt",
  "rep": 1,
  "host": "127.0.0.1",
  "duration_s": 30.0,
  "limit_rate": true,
  "cycles": 29999,
  "wall_s": 30.06806,
  "sched": {
    "policy": "FIFO",
    "priority": 99
  },
  "sched_at_start": {
    "policy": "FIFO",
    "priority": 80
  },
  "mlockall": {
    "requested": true,
    "ok": true,
    "error": null,
    "rlimit_memlock": "unlimited"
  },
  "interval_us": {
    "n": 29998,
    "min": 18.38,
    "p50": 999.822,
    "p99": 1101.679,
    "p999": 1270.909,
    "max": 4611.17,
    "mean": 1002.246,
    "max_at_cycle": 17300
  },
  "latency_us": null,
  "lost": {
    "cycles": 1,
    "states": 2,
    "max_consecutive": 1
  },
  "success_rate": {
    "min": 0.97,
    "avg": 0.999901,
    "max": 1.0,
    "final": 1.0,
    "n": 29998
  },
  "cpu": {
    "user_s": 0.170598,
    "sys_s": 0.539364,
    "total_s": 0.709962,
    "percent": 2.361183,
    "minor_faults": 39,
    "major_faults": 0,
    "vol_ctx_switches": 30003,
    "invol_ctx_switches": 0
  }
}
