{
  "lang": "rust",
  "library": "franka-rs 0.1.0",
  "variant": "active",
  "condition": "rt_load",
  "rep": 2,
  "host": "127.0.0.1",
  "duration_s": 30.0,
  "limit_rate": null,
  "cycles": 30001,
  "wall_s": 30.933795,
  "sched": {
    "policy": "FIFO",
    "priority": 99
  },
  "sched_at_start": {
    "policy": "FIFO",
    "priority": 80
  },
  "mlockall": {
    "requested": true,
    "ok": true,
    "error": null,
    "rlimit_memlock": "unlimited"
  },
  "interval_us": {
    "n": 30000,
    "min": 784.141,
    "p50": 1000.056,
    "p99": 2167.45,
    "p999": 4483.042,
    "max": 5299.993,
    "mean": 1031.038,
    "max_at_cycle": 15245
  },
  "latency_us": {
    "n": 30001,
    "min": 4.812,
    "p50": 13.462,
    "p99": 18.882,
    "p999": 63.605,
    "max": 610.746,
    "mean": 12.474,
    "max_at_cycle": 30000
  },
  "lost": {
    "cycles": 0,
    "states": 0,
    "max_consecutive": 0
  },
  "success_rate": {
    "min": 1.0,
    "avg": 1.0,
    "max": 1.0,
    "final": 1.0,
    "n": 30000
  },
  "cpu": {
    "user_s": 0.122231,
    "sys_s": 0.560261,
    "total_s": 0.682492,
    "percent": 2.206299,
    "minor_faults": 39,
    "major_faults": 0,
    "vol_ctx_switches": 30005,
    "invol_ctx_switches": 0
  }
}
