{
  "lang": "rust",
  "library": "franka-rs 0.1.0",
  "variant": "control",
  "condition": "rt_load",
  "rep": 1,
  "host": "127.0.0.1",
  "duration_s": 30.0,
  "limit_rate": true,
  "cycles": 30001,
  "wall_s": 30.340256,
  "sched": {
    "policy": "FIFO",
    "priority": 99
  },
  "sched_at_start": {
    "policy": "FIFO",
    "priority": 80
  },
  "mlockall": {
    "requested": true,
    "ok": true,
    "error": null,
    "rlimit_memlock": "unlimited"
  },
  "interval_us": {
    "n": 30000,
    "min": 865.328,
    "p50": 1000.028,
    "p99": 1203.095,
    "p999": 4064.474,
    "max": 4854.886,
    "mean": 1011.28,
    "max_at_cycle": 3739
  },
  "latency_us": null,
  "lost": {
    "cycles": 0,
    "states": 0,
    "max_consecutive": 0
  },
  "success_rate": {
    "min": 1.0,
    "avg": 1.0,
    "max": 1.0,
    "final": 1.0,
    "n": 30000
  },
  "cpu": {
    "user_s": 0.139793,
    "sys_s": 0.456672,
    "total_s": 0.596465,
    "percent": 1.965919,
    "minor_faults": 39,
    "major_faults": 0,
    "vol_ctx_switches": 30004,
    "invol_ctx_switches": 0
  }
}
