{
  "lang": "rust",
  "library": "franka-rs 0.1.0",
  "variant": "active",
  "condition": "rt",
  "rep": 2,
  "host": "127.0.0.1",
  "duration_s": 30.0,
  "limit_rate": null,
  "cycles": 30001,
  "wall_s": 30.048747,
  "sched": {
    "policy": "FIFO",
    "priority": 99
  },
  "sched_at_start": {
    "policy": "FIFO",
    "priority": 80
  },
  "mlockall": {
    "requested": true,
    "ok": true,
    "error": null,
    "rlimit_memlock": "unlimited"
  },
  "interval_us": {
    "n": 30000,
    "min": 755.322,
    "p50": 999.959,
    "p99": 1079.273,
    "p999": 1193.614,
    "max": 4775.175,
    "mean": 1001.53,
    "max_at_cycle": 27036
  },
  "latency_us": {
    "n": 30001,
    "min": 2.509,
    "p50": 12.273,
    "p99": 29.812,
    "p999": 46.31,
    "max": 512.735,
    "mean": 12.87,
    "max_at_cycle": 30000
  },
  "lost": {
    "cycles": 0,
    "states": 0,
    "max_consecutive": 0
  },
  "success_rate": {
    "min": 1.0,
    "avg": 1.0,
    "max": 1.0,
    "final": 1.0,
    "n": 30000
  },
  "cpu": {
    "user_s": 0.166707,
    "sys_s": 0.609719,
    "total_s": 0.776426,
    "percent": 2.583888,
    "minor_faults": 39,
    "major_faults": 0,
    "vol_ctx_switches": 30006,
    "invol_ctx_switches": 0
  }
}
