{
  "lang": "rust",
  "library": "franka-rs 0.1.0",
  "variant": "active",
  "condition": "plain",
  "rep": 2,
  "host": "127.0.0.1",
  "duration_s": 30.0,
  "limit_rate": null,
  "cycles": 29999,
  "wall_s": 30.063244,
  "sched": {
    "policy": "FIFO",
    "priority": 99
  },
  "sched_at_start": {
    "policy": "OTHER",
    "priority": 0
  },
  "mlockall": {
    "requested": false,
    "ok": false,
    "error": null,
    "rlimit_memlock": "unlimited"
  },
  "interval_us": {
    "n": 29998,
    "min": 14.38,
    "p50": 999.776,
    "p99": 1107.766,
    "p999": 1280.295,
    "max": 4861.373,
    "mean": 1002.081,
    "max_at_cycle": 4712
  },
  "latency_us": {
    "n": 29999,
    "min": 2.324,
    "p50": 11.319,
    "p99": 29.266,
    "p999": 49.359,
    "max": 419.406,
    "mean": 10.987,
    "max_at_cycle": 29998
  },
  "lost": {
    "cycles": 1,
    "states": 2,
    "max_consecutive": 1
  },
  "success_rate": {
    "min": 0.97,
    "avg": 0.999868,
    "max": 1.0,
    "final": 1.0,
    "n": 29998
  },
  "cpu": {
    "user_s": 0.170629,
    "sys_s": 0.487187,
    "total_s": 0.657816,
    "percent": 2.188107,
    "minor_faults": 44,
    "major_faults": 0,
    "vol_ctx_switches": 30001,
    "invol_ctx_switches": 0
  }
}
