{
  "host": "L",
  "mode_before": "Idle",
  "errors_before": [],
  "recover_requested": false,
  "recovered": false,
  "recovery_error": null,
  "home_requested": false,
  "home_speed": 0.2,
  "homed": false,
  "home_error": null,
  "mode": "Idle",
  "errors": [],
  "has_errors": false,
  "ready": true,
  "q": [
    -0.000271,
    -0.751118,
    3.4e-05,
    -2.383125,
    0.000432,
    1.570491,
    0.785245
  ],
  "tau_J": [
    0.261594,
    -5.231992,
    -0.525189,
    22.416088,
    0.560025,
    2.270252,
    -0.044668
  ]
}
