{
  "host": "L",
  "mode_before": "Idle",
  "errors_before": [],
  "recover_requested": false,
  "recovered": false,
  "recovery_error": null,
  "home_requested": false,
  "home_speed": 0.2,
  "homed": false,
  "home_error": null,
  "mode": "Idle",
  "errors": [],
  "has_errors": false,
  "ready": true,
  "q": [
    -0.000233,
    -0.784924,
    1.7e-05,
    -2.35922,
    0.000337,
    1.570036,
    0.78523
  ],
  "tau_J": [
    0.134641,
    -3.84741,
    -0.69975,
    22.392284,
    0.505093,
    2.35448,
    0.01301
  ]
}
