{
  "host": "L",
  "mode_before": "Idle",
  "errors_before": [],
  "recover_requested": false,
  "recovered": false,
  "recovery_error": null,
  "home_requested": false,
  "home_speed": 0.2,
  "homed": false,
  "home_error": null,
  "mode": "Idle",
  "errors": [],
  "has_errors": false,
  "ready": true,
  "q": [
    -0.000271,
    -0.751844,
    2.6e-05,
    -2.384129,
    0.000431,
    1.570488,
    0.785239
  ],
  "tau_J": [
    0.261594,
    -5.2796,
    -0.501386,
    22.34071,
    0.565518,
    2.270252,
    -0.031851
  ]
}
