{
  "host": "L",
  "mode_before": "Idle",
  "errors_before": [],
  "recover_requested": false,
  "recovered": false,
  "recovery_error": null,
  "home_requested": false,
  "home_speed": 0.2,
  "homed": false,
  "home_error": null,
  "mode": "Idle",
  "errors": [],
  "has_errors": false,
  "ready": true,
  "q": [
    -0.000258,
    -0.75184,
    5.1e-05,
    -2.384587,
    0.000438,
    1.570473,
    0.785238
  ],
  "tau_J": [
    0.186216,
    -4.954282,
    -0.675946,
    22.646191,
    0.541714,
    2.309619,
    -0.019033
  ]
}
