{
  "host": "L",
  "mode_before": "Idle",
  "errors_before": [],
  "recover_requested": false,
  "recovered": false,
  "recovery_error": null,
  "home_requested": false,
  "home_speed": 0.2,
  "homed": false,
  "home_error": null,
  "mode": "Idle",
  "errors": [],
  "has_errors": false,
  "ready": true,
  "q": [
    -0.000271,
    -0.751444,
    3e-05,
    -2.38352,
    0.000431,
    1.570493,
    0.785243
  ],
  "tau_J": [
    0.261594,
    -5.231992,
    -0.477582,
    22.368481,
    0.565518,
    2.257434,
    -0.031851
  ]
}
