{
  "host": "L",
  "mode_before": "Idle",
  "errors_before": [],
  "recover_requested": false,
  "recovered": false,
  "recovery_error": null,
  "home_requested": false,
  "home_speed": 0.2,
  "homed": false,
  "home_error": null,
  "mode": "Idle",
  "errors": [],
  "has_errors": false,
  "ready": true,
  "q": [
    -0.000248,
    -0.750731,
    3.6e-05,
    -2.383387,
    0.000417,
    1.57044,
    0.785236
  ],
  "tau_J": [
    0.158445,
    -4.954282,
    -0.69975,
    22.622387,
    0.565518,
    2.302295,
    -0.006216
  ]
}
