{
  "host": "L",
  "mode_before": "Idle",
  "errors_before": [],
  "recover_requested": false,
  "recovered": false,
  "recovery_error": null,
  "home_requested": false,
  "home_speed": 0.2,
  "homed": false,
  "home_error": null,
  "mode": "Idle",
  "errors": [],
  "has_errors": false,
  "ready": true,
  "q": [
    -0.000274,
    -0.751138,
    2.4e-05,
    -2.383607,
    0.00043,
    1.570493,
    0.785238
  ],
  "tau_J": [
    0.313169,
    -5.331174,
    -0.426007,
    22.368481,
    0.57742,
    2.257434,
    -0.025442
  ]
}
