{
  "host": "L",
  "mode_before": "Idle",
  "errors_before": [],
  "recover_requested": false,
  "recovered": false,
  "recovery_error": null,
  "home_requested": false,
  "home_speed": 0.2,
  "homed": false,
  "home_error": null,
  "mode": "Idle",
  "errors": [],
  "has_errors": false,
  "ready": true,
  "q": [
    -0.000268,
    -0.751696,
    1.9e-05,
    -2.384112,
    0.000427,
    1.570487,
    0.785237
  ],
  "tau_J": [
    0.261594,
    -5.255796,
    -0.449811,
    22.368481,
    0.560025,
    2.270252,
    -0.019033
  ]
}
