{
  "host": "L",
  "mode_before": "Idle",
  "errors_before": [],
  "recover_requested": false,
  "recovered": false,
  "recovery_error": null,
  "home_requested": false,
  "home_speed": 0.2,
  "homed": false,
  "home_error": null,
  "mode": "Idle",
  "errors": [],
  "has_errors": false,
  "ready": true,
  "q": [
    -0.000261,
    -0.751133,
    5.4e-05,
    -2.384055,
    0.000437,
    1.570473,
    0.785236
  ],
  "tau_J": [
    0.21002,
    -5.005857,
    -0.727521,
    22.570812,
    0.553616,
    2.302295,
    0.000193
  ]
}
