{
  "lang": "rust",
  "library": "franka-rs 0.1.0",
  "variant": "model",
  "condition": "rt",
  "rep": 4,
  "order_in_cell": 1,
  "cell_first_client": "rust",
  "host": "L",
  "provenance": "harness",
  "hardware": true,
  "reflex_events_before_run": 0,
  "control_exception": null,
  "duration_s": 30.0,
  "limit_rate": false,
  "cycles": 29968,
  "wall_s": 30.206876,
  "sched": {
    "policy": "FIFO",
    "priority": 99
  },
  "sched_at_start": {
    "policy": "FIFO",
    "priority": 80
  },
  "mlockall": {
    "requested": true,
    "ok": true,
    "error": null,
    "rlimit_memlock": "unlimited"
  },
  "interval_us": {
    "n": 29967,
    "min": 8.535,
    "p50": 999.33,
    "p99": 1160.732,
    "p999": 3818.839,
    "max": 5876.272,
    "mean": 1001.087,
    "max_at_cycle": 14519
  },
  "latency_us": null,
  "compute_us": {
    "n": 29968,
    "min": 4.899,
    "p50": 18.244,
    "p99": 36.715,
    "p999": 44.646,
    "max": 83.299,
    "mean": 18.047,
    "max_at_cycle": 20060
  },
  "model_us": {
    "n": 29968,
    "min": 4.011,
    "p50": 17.095,
    "p99": 35.366,
    "p999": 43.385,
    "max": 72.302,
    "mean": 16.89,
    "max_at_cycle": 20060
  },
  "guard": {
    "enabled": true,
    "tau_limit_nm": 20,
    "ee_deviation_limit_m": 0.1,
    "tripped": false,
    "reason": null,
    "cycle": 0,
    "tau_at_trip": 0.0,
    "ee_deviation_at_trip": 0.0
  },
  "controller": {
    "tau_max_abs": 3.950173,
    "ee_deviation_max_m": 0.048017,
    "gravity_checksum": 0.0
  },
  "lost": {
    "cycles": 25,
    "states": 33,
    "max_consecutive": 1,
    "backwards_time_steps": 0
  },
  "success_rate": {
    "min": 0.92,
    "avg": 0.985378,
    "max": 1.0,
    "final": 0.95,
    "n": 29967
  },
  "cpu": {
    "user_s": 0.779043,
    "sys_s": 0.348564,
    "total_s": 1.127607,
    "percent": 3.732948,
    "minor_faults": 0,
    "major_faults": 0,
    "vol_ctx_switches": 29835,
    "invol_ctx_switches": 1
  }
}
