{
  "lang": "cpp",
  "library": "libfranka 0.20.4",
  "variant": "model",
  "condition": "plain",
  "rep": 1,
  "order_in_cell": 1,
  "cell_first_client": "cpp",
  "host": "127.0.0.1",
  "duration_s": 30.0,
  "limit_rate": false,
  "cycles": 30001,
  "wall_s": 30.008234,
  "sched": {
    "policy": "FIFO",
    "priority": 99
  },
  "sched_at_start": {
    "policy": "OTHER",
    "priority": 0
  },
  "mlockall": {
    "requested": false,
    "ok": false,
    "error": null,
    "rlimit_memlock": "unlimited"
  },
  "interval_us": {
    "n": 30000,
    "min": 184.773,
    "p50": 999.905,
    "p99": 1040.397,
    "p999": 1106.222,
    "max": 2040.559,
    "mean": 1000.2,
    "max_at_cycle": 10843
  },
  "latency_us": null,
  "compute_us": {
    "n": 30001,
    "min": 19.859,
    "p50": 29.431,
    "p99": 58.772,
    "p999": 81.364,
    "max": 263.521,
    "mean": 31.956,
    "max_at_cycle": 7991
  },
  "model_us": {
    "n": 30001,
    "min": 18.089,
    "p50": 27.573,
    "p99": 55.231,
    "p999": 75.685,
    "max": 260.989,
    "mean": 29.62,
    "max_at_cycle": 7991
  },
  "controller": {
    "tau_max_abs": 1.940209,
    "ee_deviation_max_m": 0.047863,
    "gravity_checksum": 0.0
  },
  "lost": {
    "cycles": 0,
    "states": 0,
    "max_consecutive": 0,
    "backwards_time_steps": 0
  },
  "success_rate": {
    "min": 1.0,
    "avg": 1.0,
    "max": 1.0,
    "final": 1.0,
    "n": 30000
  },
  "cpu": {
    "user_s": 0.776098,
    "sys_s": 0.739135,
    "total_s": 1.515233,
    "percent": 5.049391,
    "minor_faults": 102,
    "major_faults": 0,
    "vol_ctx_switches": 30005,
    "invol_ctx_switches": 0
  }
}
