RealtimeConfig: ignore
WARNING: This example will move the robot! Please make sure to have the user stop button at hand!
Press Enter to continue...
Finished moving to initial joint configuration.

Starting communication test.
#100 Current success rate: 0.96
#200 Current success rate: 0.96
#300 Current success rate: 0.97
#400 Current success rate: 0.97
#500 Current success rate: 0.99
#600 Current success rate: 0.97
#700 Current success rate: 0.99
#800 Current success rate: 0.98
#900 Current success rate: 0.97
#1000 Current success rate: 0.96
#1100 Current success rate: 0.99
#1200 Current success rate: 0.96
#1300 Current success rate: 0.95
#1400 Current success rate: 0.97
#1500 Current success rate: 0.97
#1600 Current success rate: 0.98
#1700 Current success rate: 0.95
#1800 Current success rate: 0.98
#1900 Current success rate: 0.95
#2000 Current success rate: 0.96
#2100 Current success rate: 1.00
#2200 Current success rate: 1.00
#2300 Current success rate: 0.99
#2400 Current success rate: 1.00
#2500 Current success rate: 1.00
#2600 Current success rate: 0.97
#2700 Current success rate: 0.98
#2800 Current success rate: 0.99
#2900 Current success rate: 1.00
#3000 Current success rate: 0.98
#3100 Current success rate: 0.97
#3200 Current success rate: 0.99
#3300 Current success rate: 1.00
#3400 Current success rate: 1.00
#3500 Current success rate: 1.00
#3600 Current success rate: 1.00
#3700 Current success rate: 0.98
#3800 Current success rate: 1.00
#3900 Current success rate: 1.00
#4000 Current success rate: 1.00
#4100 Current success rate: 1.00
#4200 Current success rate: 0.95
#4300 Current success rate: 0.93
#4400 Current success rate: 1.00
#4500 Current success rate: 0.98
#4600 Current success rate: 1.00
#4700 Current success rate: 1.00
#4800 Current success rate: 1.00
#4900 Current success rate: 1.00
#5000 Current success rate: 1.00
#5100 Current success rate: 1.00
#5200 Current success rate: 1.00
#5300 Current success rate: 0.99
#5400 Current success rate: 1.00
#5500 Current success rate: 1.00
#5600 Current success rate: 1.00
#5700 Current success rate: 1.00
#5800 Current success rate: 1.00
#5900 Current success rate: 1.00
#6000 Current success rate: 0.96
#6100 Current success rate: 1.00
#6200 Current success rate: 1.00
#6300 Current success rate: 1.00
#6400 Current success rate: 1.00
#6500 Current success rate: 0.99
#6600 Current success rate: 0.99
#6700 Current success rate: 0.99
#6800 Current success rate: 1.00
#6900 Current success rate: 1.00
#7000 Current success rate: 1.00
#7100 Current success rate: 1.00
#7200 Current success rate: 1.00
#7300 Current success rate: 0.98
#7400 Current success rate: 0.99
#7500 Current success rate: 0.96
#7600 Current success rate: 0.99
#7700 Current success rate: 0.99
#7800 Current success rate: 0.98
#7900 Current success rate: 0.98
#8000 Current success rate: 0.97
#8100 Current success rate: 1.00
#8200 Current success rate: 1.00
#8300 Current success rate: 0.98
#8400 Current success rate: 0.99
#8500 Current success rate: 0.98
#8600 Current success rate: 0.99
#8700 Current success rate: 0.99
#8800 Current success rate: 0.98
#8900 Current success rate: 1.00
#9000 Current success rate: 1.00
#9100 Current success rate: 1.00
#9200 Current success rate: 0.97
#9300 Current success rate: 0.97
#9400 Current success rate: 0.97
#9500 Current success rate: 0.99
#9600 Current success rate: 0.96
#9700 Current success rate: 0.97
#9800 Current success rate: 0.97
#9900 Current success rate: 0.96

Finished test, shutting down example


#######################################################
The control loop did not get executed 35 times in the
last 10000 milliseconds! (lost 35 robot states)

Control command success rate of 9965 samples: 
Max: 1.00
Avg: 0.98
Min: 0.93
#######################################################

