RealtimeConfig: ignore
WARNING: This example will move the robot! Please make sure to have the user stop button at hand!
Press Enter to continue...
Finished moving to initial joint configuration.

Starting communication test.
#100 Current success rate: 1.00
#200 Current success rate: 1.00
#300 Current success rate: 0.99
#400 Current success rate: 0.98
#500 Current success rate: 1.00
#600 Current success rate: 0.94
#700 Current success rate: 0.99
#800 Current success rate: 1.00
#900 Current success rate: 0.99
#1000 Current success rate: 0.97
#1100 Current success rate: 0.98
#1200 Current success rate: 1.00
#1300 Current success rate: 1.00
#1400 Current success rate: 1.00
#1500 Current success rate: 1.00
#1600 Current success rate: 0.97
#1700 Current success rate: 0.96
#1800 Current success rate: 0.97
#1900 Current success rate: 1.00
#2000 Current success rate: 0.98
#2100 Current success rate: 0.98
#2200 Current success rate: 0.95
#2300 Current success rate: 0.97
#2400 Current success rate: 0.98
#2500 Current success rate: 1.00
#2600 Current success rate: 0.99
#2700 Current success rate: 0.99
#2800 Current success rate: 0.98
#2900 Current success rate: 0.98
#3000 Current success rate: 0.99
#3100 Current success rate: 1.00
#3200 Current success rate: 0.98
#3300 Current success rate: 1.00
#3400 Current success rate: 0.98
#3500 Current success rate: 0.98
#3600 Current success rate: 0.97
#3700 Current success rate: 0.98
#3800 Current success rate: 0.98
#3900 Current success rate: 0.98
#4000 Current success rate: 0.98
#4100 Current success rate: 0.97
#4200 Current success rate: 0.97
#4300 Current success rate: 0.94
#4400 Current success rate: 0.96
#4500 Current success rate: 0.98
#4600 Current success rate: 0.98
#4700 Current success rate: 1.00
#4800 Current success rate: 1.00
#4900 Current success rate: 0.97
#5000 Current success rate: 0.99
#5100 Current success rate: 1.00
#5200 Current success rate: 1.00
#5300 Current success rate: 0.99
#5400 Current success rate: 1.00
#5500 Current success rate: 1.00
#5600 Current success rate: 0.98
#5700 Current success rate: 0.96
#5800 Current success rate: 0.97
#5900 Current success rate: 0.97
#6000 Current success rate: 0.97
#6100 Current success rate: 0.97
#6200 Current success rate: 1.00
#6300 Current success rate: 0.99
#6400 Current success rate: 0.97
#6500 Current success rate: 0.95
#6600 Current success rate: 1.00
#6700 Current success rate: 1.00
#6800 Current success rate: 1.00
#6900 Current success rate: 0.96
#7000 Current success rate: 0.97
#7100 Current success rate: 0.97
#7200 Current success rate: 0.97
#7300 Current success rate: 0.95
#7400 Current success rate: 0.98
#7500 Current success rate: 1.00
#7600 Current success rate: 1.00
#7700 Current success rate: 1.00
#7800 Current success rate: 1.00
#7900 Current success rate: 1.00
#8000 Current success rate: 1.00
#8100 Current success rate: 1.00
#8200 Current success rate: 0.98
#8300 Current success rate: 0.98
#8400 Current success rate: 0.97
#8500 Current success rate: 0.96
#8600 Current success rate: 0.97
#8700 Current success rate: 0.96
#8800 Current success rate: 0.96
#8900 Current success rate: 0.97
#9000 Current success rate: 0.99
#9100 Current success rate: 0.94
#9200 Current success rate: 0.97
#9300 Current success rate: 0.98
#9400 Current success rate: 0.98
#9500 Current success rate: 0.98
#9600 Current success rate: 0.99
#9700 Current success rate: 0.98
#9800 Current success rate: 0.98
#9900 Current success rate: 0.96

Finished test, shutting down example


#######################################################
The control loop did not get executed 43 times in the
last 10000 milliseconds! (lost 43 robot states)

Control command success rate of 9957 samples: 
Max: 1.00
Avg: 0.98
Min: 0.92
#######################################################

