{
  "lang": "cpp",
  "library": "libfranka 0.20.4",
  "variant": "active",
  "condition": "rt_load",
  "rep": 3,
  "order_in_cell": 1,
  "cell_first_client": "cpp",
  "host": "127.0.0.1",
  "duration_s": 30.0,
  "limit_rate": null,
  "cycles": 30001,
  "wall_s": 30.069402,
  "sched": {
    "policy": "FIFO",
    "priority": 99
  },
  "sched_at_start": {
    "policy": "FIFO",
    "priority": 80
  },
  "mlockall": {
    "requested": true,
    "ok": true,
    "error": null,
    "rlimit_memlock": "unlimited"
  },
  "interval_us": {
    "n": 30000,
    "min": 867.505,
    "p50": 999.91,
    "p99": 1057.887,
    "p999": 1424.892,
    "max": 4647.35,
    "mean": 1002.23,
    "max_at_cycle": 27609
  },
  "latency_us": {
    "n": 30001,
    "min": 7.497,
    "p50": 16.395,
    "p99": 29.544,
    "p999": 85.631,
    "max": 416.468,
    "mean": 16.495,
    "max_at_cycle": 30000
  },
  "lost": {
    "cycles": 0,
    "states": 0,
    "max_consecutive": 0,
    "backwards_time_steps": 0
  },
  "success_rate": {
    "min": 1.0,
    "avg": 1.0,
    "max": 1.0,
    "final": 1.0,
    "n": 30000
  },
  "cpu": {
    "user_s": 0.143069,
    "sys_s": 0.692782,
    "total_s": 0.835851,
    "percent": 2.779739,
    "minor_faults": 0,
    "major_faults": 0,
    "vol_ctx_switches": 30005,
    "invol_ctx_switches": 0
  }
}
