{
  "lang": "cpp",
  "library": "libfranka 0.20.4",
  "variant": "control",
  "condition": "rt",
  "rep": 1,
  "order_in_cell": 1,
  "cell_first_client": "cpp",
  "host": "127.0.0.1",
  "duration_s": 30.0,
  "limit_rate": true,
  "cycles": 30001,
  "wall_s": 30.010662,
  "sched": {
    "policy": "FIFO",
    "priority": 99
  },
  "sched_at_start": {
    "policy": "FIFO",
    "priority": 80
  },
  "mlockall": {
    "requested": true,
    "ok": true,
    "error": null,
    "rlimit_memlock": "unlimited"
  },
  "interval_us": {
    "n": 30000,
    "min": 8.324,
    "p50": 999.917,
    "p99": 1069.35,
    "p999": 1165.394,
    "max": 2730.751,
    "mean": 1000.256,
    "max_at_cycle": 29455
  },
  "latency_us": null,
  "lost": {
    "cycles": 0,
    "states": 0,
    "max_consecutive": 0,
    "backwards_time_steps": 0
  },
  "success_rate": {
    "min": 0.99,
    "avg": 0.999933,
    "max": 1.0,
    "final": 1.0,
    "n": 30000
  },
  "cpu": {
    "user_s": 0.19295,
    "sys_s": 0.60508,
    "total_s": 0.79803,
    "percent": 2.659155,
    "minor_faults": 0,
    "major_faults": 0,
    "vol_ctx_switches": 30004,
    "invol_ctx_switches": 0
  }
}
