{
  "lang": "cpp",
  "library": "libfranka 0.20.4",
  "variant": "control",
  "condition": "rt_load",
  "rep": 2,
  "order_in_cell": 2,
  "cell_first_client": "rust",
  "host": "127.0.0.1",
  "duration_s": 30.0,
  "limit_rate": true,
  "cycles": 30001,
  "wall_s": 30.220161,
  "sched": {
    "policy": "FIFO",
    "priority": 99
  },
  "sched_at_start": {
    "policy": "FIFO",
    "priority": 80
  },
  "mlockall": {
    "requested": true,
    "ok": true,
    "error": null,
    "rlimit_memlock": "unlimited"
  },
  "interval_us": {
    "n": 30000,
    "min": 858.175,
    "p50": 999.793,
    "p99": 1074.891,
    "p999": 4081.758,
    "max": 4320.724,
    "mean": 1007.249,
    "max_at_cycle": 21646
  },
  "latency_us": null,
  "lost": {
    "cycles": 0,
    "states": 0,
    "max_consecutive": 0,
    "backwards_time_steps": 0
  },
  "success_rate": {
    "min": 1.0,
    "avg": 1.0,
    "max": 1.0,
    "final": 1.0,
    "n": 30000
  },
  "cpu": {
    "user_s": 0.162318,
    "sys_s": 0.516753,
    "total_s": 0.679071,
    "percent": 2.247079,
    "minor_faults": 0,
    "major_faults": 0,
    "vol_ctx_switches": 30006,
    "invol_ctx_switches": 0
  }
}
