{
  "lang": "cpp",
  "library": "libfranka 0.20.4",
  "variant": "control",
  "condition": "rt_load",
  "rep": 1,
  "order_in_cell": 1,
  "cell_first_client": "cpp",
  "host": "127.0.0.1",
  "duration_s": 30.0,
  "limit_rate": true,
  "cycles": 30001,
  "wall_s": 30.859648,
  "sched": {
    "policy": "FIFO",
    "priority": 99
  },
  "sched_at_start": {
    "policy": "FIFO",
    "priority": 80
  },
  "mlockall": {
    "requested": true,
    "ok": true,
    "error": null,
    "rlimit_memlock": "unlimited"
  },
  "interval_us": {
    "n": 30000,
    "min": 865.755,
    "p50": 999.998,
    "p99": 1842.602,
    "p999": 4100.208,
    "max": 6670.391,
    "mean": 1028.562,
    "max_at_cycle": 7421
  },
  "latency_us": null,
  "lost": {
    "cycles": 0,
    "states": 0,
    "max_consecutive": 0,
    "backwards_time_steps": 0
  },
  "success_rate": {
    "min": 1.0,
    "avg": 1.0,
    "max": 1.0,
    "final": 1.0,
    "n": 30000
  },
  "cpu": {
    "user_s": 0.131704,
    "sys_s": 0.652778,
    "total_s": 0.784482,
    "percent": 2.542096,
    "minor_faults": 0,
    "major_faults": 0,
    "vol_ctx_switches": 30005,
    "invol_ctx_switches": 0
  }
}
