{
  "lang": "rust",
  "library": "franka-rs 0.1.0",
  "variant": "active",
  "condition": "plain",
  "rep": 2,
  "order_in_cell": 1,
  "cell_first_client": "rust",
  "host": "127.0.0.1",
  "duration_s": 30.0,
  "limit_rate": null,
  "cycles": 30001,
  "wall_s": 30.121656,
  "sched": {
    "policy": "FIFO",
    "priority": 99
  },
  "sched_at_start": {
    "policy": "OTHER",
    "priority": 0
  },
  "mlockall": {
    "requested": false,
    "ok": false,
    "error": null,
    "rlimit_memlock": "unlimited"
  },
  "interval_us": {
    "n": 30000,
    "min": 72.395,
    "p50": 999.91,
    "p99": 1089.247,
    "p999": 2476.683,
    "max": 4739.213,
    "mean": 1003.969,
    "max_at_cycle": 15275
  },
  "latency_us": {
    "n": 30001,
    "min": 2.379,
    "p50": 12.212,
    "p99": 28.496,
    "p999": 37.241,
    "max": 225.897,
    "mean": 11.693,
    "max_at_cycle": 30000
  },
  "lost": {
    "cycles": 0,
    "states": 0,
    "max_consecutive": 0,
    "backwards_time_steps": 0
  },
  "success_rate": {
    "min": 0.99,
    "avg": 0.999967,
    "max": 1.0,
    "final": 1.0,
    "n": 30000
  },
  "cpu": {
    "user_s": 0.136981,
    "sys_s": 0.573569,
    "total_s": 0.71055,
    "percent": 2.358934,
    "minor_faults": 44,
    "major_faults": 0,
    "vol_ctx_switches": 30006,
    "invol_ctx_switches": 0
  }
}
