{
  "lang": "rust",
  "library": "franka-rs 0.1.0",
  "variant": "active",
  "condition": "plain",
  "rep": 3,
  "order_in_cell": 2,
  "cell_first_client": "cpp",
  "host": "127.0.0.1",
  "duration_s": 30.0,
  "limit_rate": null,
  "cycles": 29997,
  "wall_s": 30.007578,
  "sched": {
    "policy": "FIFO",
    "priority": 99
  },
  "sched_at_start": {
    "policy": "OTHER",
    "priority": 0
  },
  "mlockall": {
    "requested": false,
    "ok": false,
    "error": null,
    "rlimit_memlock": "unlimited"
  },
  "interval_us": {
    "n": 29996,
    "min": 13.778,
    "p50": 999.815,
    "p99": 1043.953,
    "p999": 1143.948,
    "max": 4745.854,
    "mean": 1000.305,
    "max_at_cycle": 1130
  },
  "latency_us": {
    "n": 29997,
    "min": 2.332,
    "p50": 11.979,
    "p99": 20.535,
    "p999": 30.249,
    "max": 395.427,
    "mean": 11.08,
    "max_at_cycle": 29996
  },
  "lost": {
    "cycles": 2,
    "states": 4,
    "max_consecutive": 1,
    "backwards_time_steps": 0
  },
  "success_rate": {
    "min": 0.97,
    "avg": 0.999802,
    "max": 1.0,
    "final": 1.0,
    "n": 29996
  },
  "cpu": {
    "user_s": 0.0,
    "sys_s": 0.693908,
    "total_s": 0.693908,
    "percent": 2.312443,
    "minor_faults": 44,
    "major_faults": 0,
    "vol_ctx_switches": 29999,
    "invol_ctx_switches": 0
  }
}
