{
  "lang": "rust",
  "library": "franka-rs 0.1.0",
  "variant": "active",
  "condition": "rt_load",
  "rep": 3,
  "order_in_cell": 2,
  "cell_first_client": "cpp",
  "host": "127.0.0.1",
  "duration_s": 30.0,
  "limit_rate": null,
  "cycles": 30001,
  "wall_s": 30.044629,
  "sched": {
    "policy": "FIFO",
    "priority": 99
  },
  "sched_at_start": {
    "policy": "FIFO",
    "priority": 80
  },
  "mlockall": {
    "requested": true,
    "ok": true,
    "error": null,
    "rlimit_memlock": "unlimited"
  },
  "interval_us": {
    "n": 30000,
    "min": 873.084,
    "p50": 999.999,
    "p99": 1026.084,
    "p999": 1149.412,
    "max": 4097.791,
    "mean": 1001.393,
    "max_at_cycle": 15909
  },
  "latency_us": {
    "n": 30001,
    "min": 6.07,
    "p50": 9.501,
    "p99": 17.235,
    "p999": 37.288,
    "max": 380.782,
    "mean": 9.799,
    "max_at_cycle": 30000
  },
  "lost": {
    "cycles": 0,
    "states": 0,
    "max_consecutive": 0,
    "backwards_time_steps": 0
  },
  "success_rate": {
    "min": 1.0,
    "avg": 1.0,
    "max": 1.0,
    "final": 1.0,
    "n": 30000
  },
  "cpu": {
    "user_s": 0.168318,
    "sys_s": 0.38794,
    "total_s": 0.556258,
    "percent": 1.851439,
    "minor_faults": 39,
    "major_faults": 0,
    "vol_ctx_switches": 30006,
    "invol_ctx_switches": 0
  }
}
