{
  "lang": "rust",
  "library": "franka-rs 0.1.0",
  "variant": "control",
  "condition": "plain",
  "rep": 1,
  "order_in_cell": 2,
  "cell_first_client": "cpp",
  "host": "127.0.0.1",
  "duration_s": 30.0,
  "limit_rate": true,
  "cycles": 30001,
  "wall_s": 30.013228,
  "sched": {
    "policy": "FIFO",
    "priority": 99
  },
  "sched_at_start": {
    "policy": "OTHER",
    "priority": 0
  },
  "mlockall": {
    "requested": false,
    "ok": false,
    "error": null,
    "rlimit_memlock": "unlimited"
  },
  "interval_us": {
    "n": 30000,
    "min": 859.587,
    "p50": 1000.039,
    "p99": 1065.677,
    "p999": 1140.447,
    "max": 2876.116,
    "mean": 1000.348,
    "max_at_cycle": 15720
  },
  "latency_us": null,
  "lost": {
    "cycles": 0,
    "states": 0,
    "max_consecutive": 0,
    "backwards_time_steps": 0
  },
  "success_rate": {
    "min": 1.0,
    "avg": 1.0,
    "max": 1.0,
    "final": 1.0,
    "n": 30000
  },
  "cpu": {
    "user_s": 0.246808,
    "sys_s": 0.482663,
    "total_s": 0.729471,
    "percent": 2.430498,
    "minor_faults": 44,
    "major_faults": 0,
    "vol_ctx_switches": 30006,
    "invol_ctx_switches": 2
  }
}
