{
  "lang": "rust",
  "library": "franka-rs 0.1.0",
  "variant": "active",
  "condition": "rt_load",
  "rep": 1,
  "order_in_cell": 2,
  "cell_first_client": "cpp",
  "host": "127.0.0.1",
  "duration_s": 30.0,
  "limit_rate": null,
  "cycles": 30001,
  "wall_s": 30.185344,
  "sched": {
    "policy": "FIFO",
    "priority": 99
  },
  "sched_at_start": {
    "policy": "FIFO",
    "priority": 80
  },
  "mlockall": {
    "requested": true,
    "ok": true,
    "error": null,
    "rlimit_memlock": "unlimited"
  },
  "interval_us": {
    "n": 30000,
    "min": 862.916,
    "p50": 999.953,
    "p99": 1136.702,
    "p999": 3091.292,
    "max": 4473.75,
    "mean": 1006.046,
    "max_at_cycle": 16262
  },
  "latency_us": {
    "n": 30001,
    "min": 4.061,
    "p50": 6.026,
    "p99": 12.865,
    "p999": 32.478,
    "max": 379.831,
    "mean": 7.046,
    "max_at_cycle": 30000
  },
  "lost": {
    "cycles": 0,
    "states": 0,
    "max_consecutive": 0,
    "backwards_time_steps": 0
  },
  "success_rate": {
    "min": 1.0,
    "avg": 1.0,
    "max": 1.0,
    "final": 1.0,
    "n": 30000
  },
  "cpu": {
    "user_s": 0.138999,
    "sys_s": 0.310211,
    "total_s": 0.44921,
    "percent": 1.488173,
    "minor_faults": 39,
    "major_faults": 0,
    "vol_ctx_switches": 30006,
    "invol_ctx_switches": 1
  }
}
