{
  "lang": "rust",
  "library": "franka-rs 0.1.0",
  "variant": "control",
  "condition": "rt_load",
  "rep": 3,
  "order_in_cell": 2,
  "cell_first_client": "cpp",
  "host": "127.0.0.1",
  "duration_s": 30.0,
  "limit_rate": true,
  "cycles": 30001,
  "wall_s": 30.141428,
  "sched": {
    "policy": "FIFO",
    "priority": 99
  },
  "sched_at_start": {
    "policy": "FIFO",
    "priority": 80
  },
  "mlockall": {
    "requested": true,
    "ok": true,
    "error": null,
    "rlimit_memlock": "unlimited"
  },
  "interval_us": {
    "n": 30000,
    "min": 234.343,
    "p50": 1000.019,
    "p99": 1063.97,
    "p999": 3297.522,
    "max": 5086.191,
    "mean": 1004.624,
    "max_at_cycle": 3022
  },
  "latency_us": null,
  "lost": {
    "cycles": 0,
    "states": 0,
    "max_consecutive": 0,
    "backwards_time_steps": 0
  },
  "success_rate": {
    "min": 1.0,
    "avg": 1.0,
    "max": 1.0,
    "final": 1.0,
    "n": 30000
  },
  "cpu": {
    "user_s": 0.097018,
    "sys_s": 0.465494,
    "total_s": 0.562512,
    "percent": 1.866242,
    "minor_faults": 39,
    "major_faults": 0,
    "vol_ctx_switches": 30005,
    "invol_ctx_switches": 0
  }
}
