{
  "host": "R",
  "mode_before": "Idle",
  "errors_before": [],
  "recover_requested": false,
  "recovered": false,
  "recovery_error": null,
  "home_requested": false,
  "home_speed": 0.2,
  "homed": false,
  "home_error": null,
  "mode": "Idle",
  "errors": [],
  "has_errors": false,
  "ready": true,
  "q": [
    -0.000205,
    -0.753876,
    -0.000639,
    -2.381704,
    -0.000497,
    1.574081,
    0.785882
  ],
  "tau_J": [
    0.557738,
    -5.747243,
    -0.043969,
    23.57765,
    0.975767,
    2.464772,
    -0.125079
  ]
}
