{
  "host": "R",
  "mode_before": "Idle",
  "errors_before": [],
  "recover_requested": false,
  "recovered": false,
  "recovery_error": null,
  "home_requested": false,
  "home_speed": 0.2,
  "homed": false,
  "home_error": null,
  "mode": "Idle",
  "errors": [],
  "has_errors": false,
  "ready": true,
  "q": [
    -0.000215,
    -0.754142,
    -0.000631,
    -2.381158,
    -0.00047,
    1.573692,
    0.785879
  ],
  "tau_J": [
    0.053893,
    -5.164052,
    -0.389123,
    23.097609,
    0.921751,
    2.366811,
    -0.098528
  ]
}
