{
  "host": "R",
  "mode_before": "Idle",
  "errors_before": [],
  "recover_requested": false,
  "recovered": false,
  "recovery_error": null,
  "home_requested": false,
  "home_speed": 0.2,
  "homed": false,
  "home_error": null,
  "mode": "Idle",
  "errors": [],
  "has_errors": false,
  "ready": true,
  "q": [
    -0.000238,
    -0.753935,
    -0.000651,
    -2.381561,
    -0.000478,
    1.573902,
    0.785878
  ],
  "tau_J": [
    0.506163,
    -5.822621,
    -0.166955,
    23.57765,
    0.975767,
    2.425405,
    -0.091204
  ]
}
