{
  "host": "R",
  "mode_before": "Idle",
  "errors_before": [],
  "recover_requested": false,
  "recovered": false,
  "recovery_error": null,
  "home_requested": false,
  "home_speed": 0.2,
  "homed": false,
  "home_error": null,
  "mode": "Idle",
  "errors": [],
  "has_errors": false,
  "ready": true,
  "q": [
    -0.000189,
    -0.75396,
    -0.000575,
    -2.380937,
    -0.00064,
    1.574138,
    0.785888
  ],
  "tau_J": [
    0.48236,
    -5.846425,
    -0.190758,
    23.85536,
    0.958372,
    2.458364,
    -0.138811
  ]
}
