{
  "host": "R",
  "mode_before": "Idle",
  "errors_before": [],
  "recover_requested": false,
  "recovered": false,
  "recovery_error": null,
  "home_requested": false,
  "home_speed": 0.2,
  "homed": false,
  "home_error": null,
  "mode": "Idle",
  "errors": [],
  "has_errors": false,
  "ready": true,
  "q": [
    -0.000163,
    -0.754275,
    -0.000398,
    -2.380973,
    -0.000647,
    1.574145,
    0.785886
  ],
  "tau_J": [
    0.081664,
    -5.23943,
    -0.389123,
    23.121412,
    0.909849,
    2.347585,
    -0.11867
  ]
}
