{
  "host": "R",
  "mode_before": "Idle",
  "errors_before": [],
  "recover_requested": false,
  "recovered": false,
  "recovery_error": null,
  "home_requested": false,
  "home_speed": 0.2,
  "homed": false,
  "home_error": null,
  "mode": "Idle",
  "errors": [],
  "has_errors": false,
  "ready": true,
  "q": [
    -0.000207,
    -0.754257,
    -0.000462,
    -2.381591,
    -0.000479,
    1.573903,
    0.785874
  ],
  "tau_J": [
    0.081664,
    -5.164052,
    -0.389123,
    23.069838,
    0.940062,
    2.366811,
    -0.05733
  ]
}
