RealtimeConfig: ignore
RealtimeConfig: ignore
L: WARNING: this example will move the robot! Please make sure to have the user stop button at hand!
R: WARNING: this example will move the robot! Please make sure to have the user stop button at hand!
R: finished moving to initial joint configuration.
L: finished moving to initial joint configuration.
L: starting communication test.
R: starting communication test.
L: #100 current success rate: 1.00
R: #100 current success rate: 0.99
L: #200 current success rate: 1.00
R: #200 current success rate: 0.96
L: #300 current success rate: 0.99
R: #300 current success rate: 0.97
L: #400 current success rate: 0.97
R: #400 current success rate: 0.98
L: #500 current success rate: 0.99
R: #500 current success rate: 0.94
L: #600 current success rate: 0.97
R: #600 current success rate: 1.00
L: #700 current success rate: 0.99
R: #700 current success rate: 1.00
L: #800 current success rate: 1.00
R: #800 current success rate: 0.98
L: #900 current success rate: 0.98
R: #900 current success rate: 1.00
L: #1000 current success rate: 1.00
R: #1000 current success rate: 1.00
L: #1100 current success rate: 1.00
R: #1100 current success rate: 0.99
L: #1200 current success rate: 0.98
R: #1200 current success rate: 1.00
L: #1300 current success rate: 0.99
R: #1300 current success rate: 0.98
L: #1400 current success rate: 0.99
R: #1400 current success rate: 0.99
L: #1500 current success rate: 0.97
R: #1500 current success rate: 1.00
L: #1600 current success rate: 0.98
R: #1600 current success rate: 1.00
L: #1700 current success rate: 1.00
R: #1700 current success rate: 0.99
L: #1800 current success rate: 1.00
R: #1800 current success rate: 1.00
L: #1900 current success rate: 1.00
R: #1900 current success rate: 1.00
L: #2000 current success rate: 1.00
R: #2000 current success rate: 1.00
L: #2100 current success rate: 0.93
R: #2100 current success rate: 0.99
L: #2200 current success rate: 0.97
R: #2200 current success rate: 0.97
L: #2300 current success rate: 0.96
R: #2300 current success rate: 0.96
L: #2400 current success rate: 1.00
R: #2400 current success rate: 0.98
L: #2500 current success rate: 1.00
R: #2500 current success rate: 0.99
L: #2600 current success rate: 1.00
R: #2600 current success rate: 0.98
L: #2700 current success rate: 1.00
R: #2700 current success rate: 1.00
L: #2800 current success rate: 1.00
R: #2800 current success rate: 1.00
L: #2900 current success rate: 1.00
R: #2900 current success rate: 0.94
L: #3000 current success rate: 0.99
R: #3000 current success rate: 0.97
L: #3100 current success rate: 1.00
R: #3100 current success rate: 1.00
L: #3200 current success rate: 0.98
R: #3200 current success rate: 1.00
L: #3300 current success rate: 0.96
R: #3300 current success rate: 0.98
L: #3400 current success rate: 0.96
R: #3400 current success rate: 0.97
L: #3500 current success rate: 0.97
R: #3500 current success rate: 0.98
L: #3600 current success rate: 0.97
R: #3600 current success rate: 1.00
L: #3700 current success rate: 0.97
R: #3700 current success rate: 1.00
L: #3800 current success rate: 0.97
R: #3800 current success rate: 1.00
L: #3900 current success rate: 1.00
R: #3900 current success rate: 1.00
L: #4000 current success rate: 1.00
R: #4000 current success rate: 1.00
L: #4100 current success rate: 1.00
R: #4100 current success rate: 0.98
L: #4200 current success rate: 1.00
R: #4200 current success rate: 0.98
L: #4300 current success rate: 1.00
R: #4300 current success rate: 0.98
L: #4400 current success rate: 1.00
R: #4400 current success rate: 0.99
L: #4500 current success rate: 0.99
R: #4500 current success rate: 0.94
L: #4600 current success rate: 0.98
R: #4600 current success rate: 0.97
L: #4700 current success rate: 0.99
R: #4700 current success rate: 1.00
L: #4800 current success rate: 0.98
R: #4800 current success rate: 0.97
L: #4900 current success rate: 0.98
R: #4900 current success rate: 1.00
L: #5000 current success rate: 1.00
R: #5000 current success rate: 1.00
L: #5100 current success rate: 1.00
R: #5100 current success rate: 0.98
L: #5200 current success rate: 1.00
R: #5200 current success rate: 1.00
L: #5300 current success rate: 0.96
R: #5300 current success rate: 0.98
L: #5400 current success rate: 0.98
R: #5400 current success rate: 1.00
L: #5500 current success rate: 0.99
R: #5500 current success rate: 1.00
L: #5600 current success rate: 0.98
R: #5600 current success rate: 0.98
L: #5700 current success rate: 1.00
R: #5700 current success rate: 1.00
L: #5800 current success rate: 0.99
R: #5800 current success rate: 1.00
L: #5900 current success rate: 1.00
R: #5900 current success rate: 1.00
L: #6000 current success rate: 0.97
R: #6000 current success rate: 0.97
L: #6100 current success rate: 1.00
R: #6100 current success rate: 0.98
L: #6200 current success rate: 1.00
R: #6200 current success rate: 0.98
L: #6300 current success rate: 0.97
R: #6300 current success rate: 0.98
L: #6400 current success rate: 0.98
R: #6400 current success rate: 0.97
L: #6500 current success rate: 0.99
R: #6500 current success rate: 0.99
L: #6600 current success rate: 1.00
R: #6600 current success rate: 0.97
L: #6700 current success rate: 0.98
R: #6700 current success rate: 1.00
L: #6800 current success rate: 1.00
R: #6800 current success rate: 1.00
L: #6900 current success rate: 1.00
R: #6900 current success rate: 0.99
L: #7000 current success rate: 0.99
R: #7000 current success rate: 1.00
L: #7100 current success rate: 1.00
R: #7100 current success rate: 0.97
L: #7200 current success rate: 0.98
R: #7200 current success rate: 1.00
L: #7300 current success rate: 0.99
R: #7300 current success rate: 1.00
L: #7400 current success rate: 0.99
R: #7400 current success rate: 0.99
L: #7500 current success rate: 0.98
R: #7500 current success rate: 0.97
L: #7600 current success rate: 1.00
R: #7600 current success rate: 0.99
L: #7700 current success rate: 0.99
R: #7700 current success rate: 1.00
L: #7800 current success rate: 0.97
R: #7800 current success rate: 1.00
L: #7900 current success rate: 0.96
R: #7900 current success rate: 1.00
L: #8000 current success rate: 0.99
R: #8000 current success rate: 0.99
L: #8100 current success rate: 1.00
R: #8100 current success rate: 0.99
L: #8200 current success rate: 1.00
R: #8200 current success rate: 1.00
L: #8300 current success rate: 0.98
R: #8300 current success rate: 1.00
L: #8400 current success rate: 1.00
R: #8400 current success rate: 1.00
L: #8500 current success rate: 0.96
R: #8500 current success rate: 1.00
L: #8600 current success rate: 0.99
R: #8600 current success rate: 0.99
L: #8700 current success rate: 0.97
R: #8700 current success rate: 1.00
L: #8800 current success rate: 0.98
R: #8800 current success rate: 0.98
L: #8900 current success rate: 0.97
R: #8900 current success rate: 1.00
L: #9000 current success rate: 1.00
R: #9000 current success rate: 0.97
L: #9100 current success rate: 0.98
R: #9100 current success rate: 0.98
L: #9200 current success rate: 1.00
R: #9200 current success rate: 0.93
L: #9300 current success rate: 0.98
R: #9300 current success rate: 1.00
L: #9400 current success rate: 1.00
R: #9400 current success rate: 0.97
L: #9500 current success rate: 0.95
R: #9500 current success rate: 0.97
L: #9600 current success rate: 1.00
R: #9600 current success rate: 1.00
L: #9700 current success rate: 0.94
R: #9700 current success rate: 0.98
L: #9800 current success rate: 0.98
R: #9800 current success rate: 1.00
L: #9900 current success rate: 0.97
R: #9900 current success rate: 0.98
L: #10000 current success rate: 1.00
L: finished test, shutting down.
R: #10000 current success rate: 0.98
R: finished test, shutting down.

#######################################################
L           cycles=10000   lost=24     max_consec_lost=2     success_rate(min/avg/max)=0.93/0.99/1.00 interval_us(p50/p99/max)=998/1195/5906
R           cycles=10000   lost=49     max_consec_lost=3     success_rate(min/avg/max)=0.92/0.99/1.00 interval_us(p50/p99/max)=999/1198/5226
{"host":"L","cycles":10000,"lost_robot_states":24,"max_consecutive_lost":2,"success_rate":{"min":0.930000,"avg":0.986251,"max":1.000000},"interval_us":{"p50":998,"p99":1195,"max":5906}}
{"host":"R","cycles":10000,"lost_robot_states":49,"max_consecutive_lost":3,"success_rate":{"min":0.920000,"avg":0.987078,"max":1.000000},"interval_us":{"p50":999,"p99":1198,"max":5226}}
#######################################################
