RealtimeConfig: ignore
WARNING: This example will move the robot! Please make sure to have the user stop button at hand!
Press Enter to continue...
Finished moving to initial joint configuration.

Starting communication test.
#100 Current success rate: 0.98
#200 Current success rate: 1.00
#300 Current success rate: 1.00
#400 Current success rate: 1.00
#500 Current success rate: 0.97
#600 Current success rate: 1.00
#700 Current success rate: 1.00
#800 Current success rate: 1.00
#900 Current success rate: 0.97
#1000 Current success rate: 0.97
#1100 Current success rate: 1.00
#1200 Current success rate: 1.00
#1300 Current success rate: 0.99
#1400 Current success rate: 0.97
#1500 Current success rate: 1.00
#1600 Current success rate: 1.00
#1700 Current success rate: 0.96
#1800 Current success rate: 1.00
#1900 Current success rate: 1.00
#2000 Current success rate: 1.00
#2100 Current success rate: 1.00
#2200 Current success rate: 0.96
#2300 Current success rate: 1.00
#2400 Current success rate: 0.98
#2500 Current success rate: 0.98
#2600 Current success rate: 0.96
#2700 Current success rate: 0.95
#2800 Current success rate: 1.00
#2900 Current success rate: 0.98
#3000 Current success rate: 0.99
#3100 Current success rate: 0.98
#3200 Current success rate: 0.99
#3300 Current success rate: 0.98
#3400 Current success rate: 0.99
#3500 Current success rate: 1.00
#3600 Current success rate: 0.99
#3700 Current success rate: 0.99
#3800 Current success rate: 0.93
#3900 Current success rate: 0.98
#4000 Current success rate: 1.00
#4100 Current success rate: 1.00
#4200 Current success rate: 0.97
#4300 Current success rate: 1.00
#4400 Current success rate: 0.99
#4500 Current success rate: 0.96
#4600 Current success rate: 1.00
#4700 Current success rate: 0.97
#4800 Current success rate: 1.00
#4900 Current success rate: 0.96
#5000 Current success rate: 1.00
#5100 Current success rate: 1.00
#5200 Current success rate: 1.00
#5300 Current success rate: 1.00
#5400 Current success rate: 1.00
#5500 Current success rate: 0.99
#5600 Current success rate: 1.00
#5700 Current success rate: 0.97
#5800 Current success rate: 0.99
#5900 Current success rate: 1.00
#6000 Current success rate: 1.00
#6100 Current success rate: 1.00
#6200 Current success rate: 1.00
#6300 Current success rate: 1.00
#6400 Current success rate: 1.00
#6500 Current success rate: 1.00
#6600 Current success rate: 0.96
#6700 Current success rate: 0.99
#6800 Current success rate: 1.00
#6900 Current success rate: 0.98
#7000 Current success rate: 1.00
#7100 Current success rate: 1.00
#7200 Current success rate: 0.97
#7300 Current success rate: 1.00
#7400 Current success rate: 0.97
#7500 Current success rate: 0.97
#7600 Current success rate: 1.00
#7700 Current success rate: 0.96
#7800 Current success rate: 0.99
#7900 Current success rate: 1.00
#8000 Current success rate: 0.98
#8100 Current success rate: 1.00
#8200 Current success rate: 1.00
#8300 Current success rate: 1.00
#8400 Current success rate: 0.96
#8500 Current success rate: 0.98
#8600 Current success rate: 0.98
#8700 Current success rate: 0.97
#8800 Current success rate: 1.00
#8900 Current success rate: 1.00
#9000 Current success rate: 1.00
#9100 Current success rate: 1.00
#9200 Current success rate: 1.00
#9300 Current success rate: 1.00
#9400 Current success rate: 0.94
#9500 Current success rate: 1.00
#9600 Current success rate: 0.97
#9700 Current success rate: 0.96
#9800 Current success rate: 1.00
#9900 Current success rate: 1.00

Finished test, shutting down example


#######################################################
The control loop did not get executed 29 times in the
last 10000 milliseconds! (lost 29 robot states)

Control command success rate of 9971 samples: 
Max: 1.00
Avg: 0.99
Min: 0.91
#######################################################

