{
  "lang": "cpp",
  "library": "libfranka 0.20.4",
  "variant": "model",
  "condition": "rt",
  "rep": 2,
  "order_in_cell": 2,
  "cell_first_client": "rust",
  "host": "<robot-ip>",
  "provenance": "harness",
  "hardware": true,
  "reflex_events_before_run": 0,
  "control_exception": null,
  "duration_s": 30.0,
  "limit_rate": false,
  "cycles": 30001,
  "wall_s": 30.004214,
  "sched": {
    "policy": "FIFO",
    "priority": 99
  },
  "sched_at_start": {
    "policy": "FIFO",
    "priority": 80
  },
  "mlockall": {
    "requested": true,
    "ok": true,
    "error": null,
    "rlimit_memlock": "unlimited"
  },
  "interval_us": {
    "n": 30000,
    "min": 31.504,
    "p50": 999.663,
    "p99": 1096.771,
    "p999": 1150.469,
    "max": 2173.832,
    "mean": 999.997,
    "max_at_cycle": 6537
  },
  "latency_us": null,
  "compute_us": {
    "n": 30001,
    "min": 18.318,
    "p50": 23.129,
    "p99": 51.749,
    "p999": 75.437,
    "max": 231.522,
    "mean": 24.897,
    "max_at_cycle": 10383
  },
  "model_us": {
    "n": 30001,
    "min": 16.716,
    "p50": 21.329,
    "p99": 46.348,
    "p999": 69.345,
    "max": 229.015,
    "mean": 22.84,
    "max_at_cycle": 10383
  },
  "guard": {
    "enabled": true,
    "tau_limit_nm": 20.0,
    "ee_deviation_limit_m": 0.1,
    "tripped": false,
    "reason": null,
    "cycle": 0,
    "tau_at_trip": 0.0,
    "ee_deviation_at_trip": 0.0
  },
  "controller": {
    "tau_max_abs": 3.945965,
    "ee_deviation_max_m": 0.048366,
    "gravity_checksum": 0.0
  },
  "lost": {
    "cycles": 0,
    "states": 0,
    "max_consecutive": 0,
    "backwards_time_steps": 0
  },
  "success_rate": {
    "min": 0.99,
    "avg": 0.999833,
    "max": 1.0,
    "final": 1.0,
    "n": 30000
  },
  "cpu": {
    "user_s": 0.923792,
    "sys_s": 1.30734,
    "total_s": 2.231132,
    "percent": 7.436062,
    "minor_faults": 0,
    "major_faults": 0,
    "vol_ctx_switches": 30002,
    "invol_ctx_switches": 0
  }
}
