{
  "host": "<robot-ip>",
  "mode_before": "Idle",
  "errors_before": [],
  "recover_requested": false,
  "recovered": false,
  "recovery_error": null,
  "home_requested": false,
  "home_speed": 0.2,
  "homed": false,
  "home_error": null,
  "mode": "Idle",
  "errors": [],
  "has_errors": false,
  "ready": true,
  "q": [
    0.000417,
    -0.721584,
    0.000451,
    -2.363626,
    -0.002349,
    1.57293,
    0.784491
  ],
  "tau_J": [
    -0.157754,
    -7.468923,
    -0.475718,
    24.327845,
    0.890047,
    2.306828,
    0.250362
  ]
}
