{
  "host": "<robot-ip>",
  "mode_before": "Idle",
  "errors_before": [],
  "recover_requested": false,
  "recovered": false,
  "recovery_error": null,
  "home_requested": false,
  "home_speed": 0.2,
  "homed": false,
  "home_error": null,
  "mode": "Idle",
  "errors": [],
  "has_errors": false,
  "ready": true,
  "q": [
    0.000409,
    -0.721562,
    0.00046,
    -2.363682,
    -0.002333,
    1.572931,
    0.784524
  ],
  "tau_J": [
    -0.181558,
    -7.417348,
    -0.555064,
    24.355616,
    0.890047,
    2.300419,
    0.257686
  ]
}
