{
  "host": "<robot-ip>",
  "mode_before": "Idle",
  "errors_before": [],
  "recover_requested": false,
  "recovered": false,
  "recovery_error": null,
  "home_requested": false,
  "home_speed": 0.2,
  "homed": false,
  "home_error": null,
  "mode": "Idle",
  "errors": [],
  "has_errors": false,
  "ready": true,
  "q": [
    0.000401,
    -0.721575,
    0.000448,
    -2.363519,
    -0.002389,
    1.57292,
    0.784265
  ],
  "tau_J": [
    -0.181558,
    -7.417348,
    -0.475718,
    24.40719,
    0.890047,
    2.280277,
    0.178951
  ]
}
