{
  "lang": "rust",
  "library": "franka-rs 0.1.0",
  "variant": "model",
  "condition": "rt",
  "rep": 1,
  "order_in_cell": 2,
  "cell_first_client": "cpp",
  "host": "<robot-ip>",
  "provenance": "harness",
  "hardware": true,
  "reflex_events_before_run": 0,
  "control_exception": null,
  "duration_s": 30.0,
  "limit_rate": false,
  "cycles": 30001,
  "wall_s": 30.005186,
  "sched": {
    "policy": "FIFO",
    "priority": 99
  },
  "sched_at_start": {
    "policy": "FIFO",
    "priority": 80
  },
  "mlockall": {
    "requested": true,
    "ok": true,
    "error": null,
    "rlimit_memlock": "unlimited"
  },
  "interval_us": {
    "n": 30000,
    "min": 470.59,
    "p50": 999.682,
    "p99": 1079.169,
    "p999": 1158.242,
    "max": 1501.039,
    "mean": 1000.0,
    "max_at_cycle": 21633
  },
  "latency_us": null,
  "compute_us": {
    "n": 30001,
    "min": 3.55,
    "p50": 13.878,
    "p99": 35.566,
    "p999": 41.631,
    "max": 66.753,
    "mean": 14.159,
    "max_at_cycle": 5395
  },
  "model_us": {
    "n": 30001,
    "min": 2.646,
    "p50": 12.54,
    "p99": 33.245,
    "p999": 36.6,
    "max": 65.831,
    "mean": 12.62,
    "max_at_cycle": 5395
  },
  "guard": {
    "enabled": true,
    "tau_limit_nm": 20,
    "ee_deviation_limit_m": 0.1,
    "tripped": false,
    "reason": null,
    "cycle": 0,
    "tau_at_trip": 0.0,
    "ee_deviation_at_trip": 0.0
  },
  "controller": {
    "tau_max_abs": 3.941026,
    "ee_deviation_max_m": 0.048366,
    "gravity_checksum": 0.0
  },
  "lost": {
    "cycles": 0,
    "states": 0,
    "max_consecutive": 0,
    "backwards_time_steps": 0
  },
  "success_rate": {
    "min": 1.0,
    "avg": 1.0,
    "max": 1.0,
    "final": 1.0,
    "n": 30000
  },
  "cpu": {
    "user_s": 0.321147,
    "sys_s": 0.499332,
    "total_s": 0.820479,
    "percent": 2.734457,
    "minor_faults": 35,
    "major_faults": 0,
    "vol_ctx_switches": 30006,
    "invol_ctx_switches": 0
  }
}
